// Jest Snapshot v1, https://goo.gl/fbAQLP

exports[`client test suite frontPage gets rendered 1`] = `""`;
